Microchip MPLAB XC8 Compiler V3.00

Linker command line:

-W-3 \
  --edf=C:\Program Files\Microchip\xc8\v3.00\pic\dat\20241204225717_en.msgs \
  -cn -h+dist/default/production\LSBank.X.production.sym \
  --cmf=dist/default/production\LSBank.X.production.cmf -z -Q18F4321 \
  -oC:\Users\danir\AppData\Local\Temp\xcAs11tc.\driver_tmp_3.o \
  --defsym=__MPLAB_BUILD=1 --fixupoverflow=error \
  -Mdist/default/production/LSBank.X.production.map \
  --md=C:\Users\danir\AppData\Local\Temp\xcAs11tc.\driver_tmp_0.dat -E1 \
  -ver=XC8 Compiler -ACODE=00h-01FFFh -ACONST=00h-01FFFh \
  -ASMALLCONST=0200h-02FFhx30 -AMEDIUMCONST=0200h-01FFFh -ACOMRAM=01h-07Fh \
  -AABS1=00h-01FFh -ABIGRAM=01h-01FFh -ARAM=080h-0FFh,0100h-01FFh \
  -ABANK0=080h-0FFh -ABANK1=0100h-01FFh -ASFR=0F80h-0FFFh \
  -ABIGSFR=0F80h-0FFFh -ACONFIG=0300000h-030000Dh -AIDLOC=0200000h-0200007h \
  -AEEDATA=0F00000h-0F000FFh -peeprom_data=EEDATA \
  -preset_vec=00h,intcode=8h,intcodelo=18h,sivt_lo,sivt_hi=CODE \
  -ppowerup=CODE,init -pramtop=0200h -psmallconst=SMALLCONST \
  -pmediumconst=MEDIUMCONST -pconst=CONST -AFARRAM=00h-00h \
  -prdata=COMRAM,nvrram=COMRAM,nvbit=COMRAM,rbss=COMRAM,rbit=COMRAM \
  -pfarbss=FARRAM,fardata=FARRAM,nvFARRAM=FARRAM \
  -pintsave_regs=BIGRAM,bigbss=BIGRAM,bigdata=BIGRAM -pbss=RAM \
  -pidata=CODE,irdata=CODE,ibigdata=CODE,ifardata=CODE -prparam=COMRAM \
  C:\Users\danir\AppData\Local\Temp\xcAs11tc.\driver_tmp_9.o \
  dist/default/production\LSBank.X.production.o 

Object code version is 3.11

Machine type is 18F4321



                Name                               Link     Load   Length Selector   Space Scale
C:\Users\danir\AppData\Local\Temp\xcAs11tc.\driver_tmp_9.o
                idloc                            200000   200000        8        0       5
                config                           300000   300000        E        0       4
                init                                 20       20        4        4       0
                reset_vec                             0        0        4        0       0
dist/default/production\LSBank.X.production.o
                intcode                               8        8       18        4       0
                idloc                            200000   200000        8        0       5
                config                           300000   300000        E        0       4
                temp                                 6B       6B        1        1       1
                mediumconst                        1E5E     1E5E      1A2      F2F       0
                text38                             166A     166A       18        4       0
                text36                             13A4     13A4       56        4       0
                text35                             16C0     16C0        C        4       0
                text34                             16F4     16F4        A        4       0
                text33                             1726     1726        4        4       0
                text32                             1652     1652       18        4       0
                text31                             15FA     15FA       22        4       0
                text30                             1638     1638       1A        4       0
                text29                             1682     1682       16        4       0
                text28                             1558     1558       34        4       0
                text27                             13FA     13FA       4C        4       0
                text26                             15D6     15D6       24        4       0
                text25                             1154     1154       C6        4       0
                text24                             161C     161C       1C        4       0
                text23                             1722     1722        4        4       0
                text22                             16EA     16EA        A        4       0
                text21                             16AC     16AC       14        4       0
                text20                             16E0     16E0        A        4       0
                text19                             16D6     16D6        A        4       0
                text18                             171E     171E        4        4       0
                text17                             16CC     16CC        A        4       0
                text16                             158C     158C       26        4       0
                text15                             1716     1716        8        4       0
                text14                             170E     170E        8        4       0
                text13                             15B2     15B2       24        4       0
                text12                             1706     1706        8        4       0
                text11                             16FE     16FE        8        4       0
                text10                             12CA     12CA       7C        4       0
                text9                                24       24      B22        4       0
                text8                              1446     1446       4A        4       0
                text7                               F88      F88      102        4       0
                text6                              121A     121A       B0        4       0
                text5                              14D6     14D6       42        4       0
                text4                              1346     1346       5E        4       0
                text3                               B46      B46      324        4       0
                text2                              108A     108A       CA        4       0
                text1                               E6A      E6A      11E        4       0
                text0                              1518     1518       40        4       0
                cstackCOMRAM                         42       42       15        1       1
                bssBANK0                             80       80       32       80       1
                dataCOMRAM                           57       57       14        1       1
                bssCOMRAM                             1        1       41        1       1
                cinit                              1490     1490       46        4       0
                idataCOMRAM                        1698     1698       14        4       0

TOTAL           Name                               Link     Load   Length     Space
        CLASS   CODE           
                intcode                               8        8       18         0
                init                                 20       20        4         0
                reset_vec                             0        0        4         0
                text38                             166A     166A       18         0
                text36                             13A4     13A4       56         0
                text35                             16C0     16C0        C         0
                text34                             16F4     16F4        A         0
                text33                             1726     1726        4         0
                text32                             1652     1652       18         0
                text31                             15FA     15FA       22         0
                text30                             1638     1638       1A         0
                text29                             1682     1682       16         0
                text28                             1558     1558       34         0
                text27                             13FA     13FA       4C         0
                text26                             15D6     15D6       24         0
                text25                             1154     1154       C6         0
                text24                             161C     161C       1C         0
                text23                             1722     1722        4         0
                text22                             16EA     16EA        A         0
                text21                             16AC     16AC       14         0
                text20                             16E0     16E0        A         0
                text19                             16D6     16D6        A         0
                text18                             171E     171E        4         0
                text17                             16CC     16CC        A         0
                text16                             158C     158C       26         0
                text15                             1716     1716        8         0
                text14                             170E     170E        8         0
                text13                             15B2     15B2       24         0
                text12                             1706     1706        8         0
                text11                             16FE     16FE        8         0
                text10                             12CA     12CA       7C         0
                text9                                24       24      B22         0
                text8                              1446     1446       4A         0
                text7                               F88      F88      102         0
                text6                              121A     121A       B0         0
                text5                              14D6     14D6       42         0
                text4                              1346     1346       5E         0
                text3                               B46      B46      324         0
                text2                              108A     108A       CA         0
                text1                               E6A      E6A      11E         0
                text0                              1518     1518       40         0
                cinit                              1490     1490       46         0
                idataCOMRAM                        1698     1698       14         0

        CLASS   CONST          

        CLASS   SMALLCONST     

        CLASS   MEDIUMCONST    
                mediumconst                        1E5E     1E5E      1A2         0

        CLASS   COMRAM         
                temp                                 6B       6B        1         1
                cstackCOMRAM                         42       42       15         1
                dataCOMRAM                           57       57       14         1
                bssCOMRAM                             1        1       41         1

        CLASS   ABS1           

        CLASS   BIGRAM         

        CLASS   RAM            

        CLASS   BANK0          
                bssBANK0                             80       80       32         1

        CLASS   BANK1          

        CLASS   SFR            

        CLASS   BIGSFR         

        CLASS   CONFIG         
                config                           300000   300000        E         4

        CLASS   IDLOC          
                idloc                            200000   200000        8         5

        CLASS   EEDATA         

        CLASS   FARRAM         

        CLASS   HEAP           

        CLASS   STACK          



SEGMENTS        Name                           Load    Length   Top    Selector   Space  Class

                reset_vec                      000000  000004  000004         0       0  CODE    
                bssCOMRAM                      000001  00006B  00006C         1       1  COMRAM  
                intcode                        000008  001722  00172A         4       0  CODE    
                bssBANK0                       000080  000032  0000B2        80       1  BANK0   
                mediumconst                    001E5E  0001A2  002000       F2F       0  MEDIUMCO


UNUSED ADDRESS RANGES

        Name                Unused          Largest block    Delta
        BANK0            0000B2-0000FF               4E
        BANK1            000100-0001FF              100
        BIGRAM           00006C-00007F               14
                         0000B2-0001FF              14E
        BIGSFR           000F80-000FFF               80
        CODE             000004-000007                4
                         00172A-001E5D              734
        COMRAM           00006C-00007F               14
        CONST            000004-000007                4
                         00172A-001E5D              734
        EEDATA           F00000-F000FF              100
        MEDIUMCONST      00172A-001E5D              734
        RAM              0000B2-0001FF               4E
        SFR              000F80-000FFF               80
        SMALLCONST       00172A-001E5D              100

                                  Symbol Table

?_SIO_CharAvail                    cstackCOMRAM 000042
?_TI_GetTics                       cstackCOMRAM 000042
SIO_SendChar@c                     cstackCOMRAM 000042
TI_GetTics@CopiaTicsActual         cstackCOMRAM 00004A
TI_GetTics@TimerHandle             cstackCOMRAM 00004E
TI_Init@counter                    cstackCOMRAM 000042
TI_NewTimer@Comptador              cstackCOMRAM 000044
TI_NewTimer@TimerHandle            cstackCOMRAM 000042
TI_ResetTics@TimerHandle           cstackCOMRAM 000042
_BAUDCONbits                       (abs)        000FB8
_Button_Init                       text35       0016C0
_Controller_Init                   text34       0016F4
_Hall_Init                         text33       001726
_INTCON2bits                       (abs)        000FF1
_INTCONbits                        (abs)        000FF2
_LATCbits                          (abs)        000F8B
_LATDbits                          (abs)        000F8C
_LED_Init                          text32       001652
_Matrix_Init                       text31       0015FA
_PIR1bits                          (abs)        000F9E
_PORTBbits                         (abs)        000F81
_RCREG                             (abs)        000FAE
_RCSTAbits                         (abs)        000FAB
_RSI_HIGH                          intcode      000008
_RSI_Timer0                        text38       00166A
_SIO_CharAvail                     text24       00161C
_SIO_GetChar                       text23       001722
_SIO_Init                          text30       001638
_SIO_SendChar                      text22       0016EA
_SIO_TxAvail                       text21       0016AC
_SPBRG                             (abs)        000FAF
_SPBRGH                            (abs)        000FB0
_Speaker_Init                      text29       001682
_T0CON                             (abs)        000FD5
_TI_GetTics                        text27       0013FA
_TI_Init                           text28       001558
_TI_NewTimer                       text36       0013A4
_TI_ResetTics                      text26       0015D6
_TMR0                              (abs)        000FD6
_TMR0IF                            (abs)        007F92
_TRISBbits                         (abs)        000F93
_TRISCbits                         (abs)        000F94
_TRISDbits                         (abs)        000F95
_TXREG                             (abs)        000FAD
_TXSTAbits                         (abs)        000FAC
_Tics                              bssCOMRAM    000011
_Timers                            bssBANK0     000080
__HRAM                             (abs)        000000
__H__absolute__                    __absolute__ 000000
__Habs1                            abs1         000000
__Hbank0                           bank0        000000
__Hbank1                           bank1        000000
__Hbigbss                          bigbss       000000
__Hbigdata                         bigdata      000000
__Hbigram                          bigram       000000
__Hbigsfr                          bigsfr       000000
__Hbss                             bss          000000
__HbssBANK0                        bssBANK0     000000
__HbssCOMRAM                       bssCOMRAM    000000
__Hcinit                           cinit        000000
__Hclrtext                         clrtext      000000
__Hcomram                          comram       000000
__Hconfig                          config       30000E
__Hconst                           const        000000
__HcstackCOMRAM                    cstackCOMRAM 000000
__Hdata                            data         000000
__HdataCOMRAM                      dataCOMRAM   000000
__Heeprom_data                     eeprom_data  000000
__Hfarbss                          farbss       000000
__Hfardata                         fardata      000000
__Hheap                            heap         000000
__Hibigdata                        ibigdata     000000
__Hidata                           idata        000000
__HidataCOMRAM                     idataCOMRAM  000000
__Hidloc                           idloc        200008
__Hifardata                        ifardata     000000
__Hinit                            init         000024
__Hintcode                         intcode      000020
__Hintcode_body                    intcode_body 000000
__Hintcodelo                       intcodelo    000018
__Hintentry                        intentry     000000
__Hintret                          intret       000000
__Hintsave_regs                    intsave_regs 000000
__Hirdata                          irdata       000000
__Hmediumconst                     mediumconst  002000
__HnvFARRAM                        nvFARRAM     000000
__Hnvbit                           nvbit        000000
__Hnvrram                          nvrram       000000
__Hparam                           rparam       000000
__Hpowerup                         powerup      000000
__Hram                             ram          000000
__Hramtop                          ramtop       000200
__Hrbit                            rbit         000000
__Hrbss                            rbss         000000
__Hrdata                           rdata        000000
__Hreset_vec                       reset_vec    000004
__Hrparam                          rparam       000000
__Hsfr                             sfr          000000
__Hsivt_hi                         sivt_hi      000000
__Hsivt_lo                         sivt_lo      000018
__Hsmallconst                      smallconst   000000
__Hspace_0                         (abs)        002000
__Hspace_1                         (abs)        0000B2
__Hspace_2                         (abs)        000000
__Hspace_4                         (abs)        60000E
__Hstack                           stack        000000
__Hstruct                          struct       000000
__Htemp                            temp         00006C
__Htext                            text         000000
__Htext0                           text0        000000
__Htext1                           text1        000000
__Htext10                          text10       000000
__Htext11                          text11       000000
__Htext12                          text12       000000
__Htext13                          text13       000000
__Htext14                          text14       000000
__Htext15                          text15       000000
__Htext16                          text16       000000
__Htext17                          text17       000000
__Htext18                          text18       000000
__Htext19                          text19       000000
__Htext2                           text2        000000
__Htext20                          text20       000000
__Htext21                          text21       000000
__Htext22                          text22       000000
__Htext23                          text23       000000
__Htext24                          text24       000000
__Htext25                          text25       000000
__Htext26                          text26       000000
__Htext27                          text27       000000
__Htext28                          text28       000000
__Htext29                          text29       000000
__Htext3                           text3        000000
__Htext30                          text30       000000
__Htext31                          text31       000000
__Htext32                          text32       000000
__Htext33                          text33       000000
__Htext34                          text34       000000
__Htext35                          text35       000000
__Htext36                          text36       000000
__Htext38                          text38       000000
__Htext4                           text4        000000
__Htext5                           text5        000000
__Htext6                           text6        000000
__Htext7                           text7        000000
__Htext8                           text8        000000
__Htext9                           text9        000000
__LRAM                             (abs)        000001
__L__absolute__                    __absolute__ 000000
__Labs1                            abs1         000000
__Lbank0                           bank0        000000
__Lbank1                           bank1        000000
__Lbigbss                          bigbss       000000
__Lbigdata                         bigdata      000000
__Lbigram                          bigram       000000
__Lbigsfr                          bigsfr       000000
__Lbss                             bss          000000
__LbssBANK0                        bssBANK0     000000
__LbssCOMRAM                       bssCOMRAM    000000
__Lcinit                           cinit        000000
__Lclrtext                         clrtext      000000
__Lcomram                          comram       000000
__Lconfig                          config       000000
__Lconst                           const        000000
__LcstackCOMRAM                    cstackCOMRAM 000000
__Ldata                            data         000000
__LdataCOMRAM                      dataCOMRAM   000000
__Leeprom_data                     eeprom_data  000000
__Lfarbss                          farbss       000000
__Lfardata                         fardata      000000
__Lheap                            heap         000000
__Libigdata                        ibigdata     000000
__Lidata                           idata        000000
__LidataCOMRAM                     idataCOMRAM  000000
__Lidloc                           idloc        000000
__Lifardata                        ifardata     000000
__Linit                            init         000020
__Lintcode                         intcode      000008
__Lintcode_body                    intcode_body 000000
__Lintcodelo                       intcodelo    000018
__Lintentry                        intentry     000000
__Lintret                          intret       000000
__Lintsave_regs                    intsave_regs 000000
__Lirdata                          irdata       000000
__Lmediumconst                     mediumconst  001E5E
__LnvFARRAM                        nvFARRAM     000000
__Lnvbit                           nvbit        000000
__Lnvrram                          nvrram       000000
__Lparam                           rparam       000000
__Lpowerup                         powerup      000000
__Lram                             ram          000000
__Lramtop                          ramtop       000200
__Lrbit                            rbit         000000
__Lrbss                            rbss         000000
__Lrdata                           rdata        000000
__Lreset_vec                       reset_vec    000000
__Lrparam                          rparam       000000
__Lsfr                             sfr          000000
__Lsivt_hi                         sivt_hi      000000
__Lsivt_lo                         sivt_lo      000018
__Lsmallconst                      smallconst   000000
__Lspace_0                         (abs)        000000
__Lspace_1                         (abs)        000000
__Lspace_2                         (abs)        000000
__Lspace_4                         (abs)        000000
__Lstack                           stack        000000
__Lstruct                          struct       000000
__Ltemp                            temp         00006B
__Ltext                            text         000000
__Ltext0                           text0        000000
__Ltext1                           text1        000000
__Ltext10                          text10       000000
__Ltext11                          text11       000000
__Ltext12                          text12       000000
__Ltext13                          text13       000000
__Ltext14                          text14       000000
__Ltext15                          text15       000000
__Ltext16                          text16       000000
__Ltext17                          text17       000000
__Ltext18                          text18       000000
__Ltext19                          text19       000000
__Ltext2                           text2        000000
__Ltext20                          text20       000000
__Ltext21                          text21       000000
__Ltext22                          text22       000000
__Ltext23                          text23       000000
__Ltext24                          text24       000000
__Ltext25                          text25       000000
__Ltext26                          text26       000000
__Ltext27                          text27       000000
__Ltext28                          text28       000000
__Ltext29                          text29       000000
__Ltext3                           text3        000000
__Ltext30                          text30       000000
__Ltext31                          text31       000000
__Ltext32                          text32       000000
__Ltext33                          text33       000000
__Ltext34                          text34       000000
__Ltext35                          text35       000000
__Ltext36                          text36       000000
__Ltext38                          text38       000000
__Ltext4                           text4        000000
__Ltext5                           text5        000000
__Ltext6                           text6        000000
__Ltext7                           text7        000000
__Ltext8                           text8        000000
__Ltext9                           text9        000000
__S0                               (abs)        002000
__S1                               (abs)        0000B2
__S4                               (abs)        000000
__S5                               (abs)        000000
___heap_hi                         (abs)        000000
___heap_lo                         (abs)        000000
___inthi_sp                        stack        000000
___inthi_stack_hi                  stack        000000
___inthi_stack_lo                  stack        000000
___intlo_sp                        stack        000000
___intlo_stack_hi                  stack        000000
___intlo_stack_lo                  stack        000000
___param_bank                      (abs)        000000
___rparam_used                     (abs)        000001
___sp                              stack        000000
___stack_hi                        stack        000000
___stack_lo                        stack        000000
__accesstop                        (abs)        000080
__activetblptr                     (abs)        000002
__end_of_Button_Init               text35       0016CC
__end_of_Controller_Init           text34       0016FE
__end_of_Hall_Init                 text33       00172A
__end_of_LED_Init                  text32       00166A
__end_of_Matrix_Init               text31       00161C
__end_of_RSI_HIGH                  intcode      000020
__end_of_RSI_Timer0                text38       001682
__end_of_SIO_CharAvail             text24       001638
__end_of_SIO_GetChar               text23       001726
__end_of_SIO_Init                  text30       001652
__end_of_SIO_SendChar              text22       0016F4
__end_of_SIO_TxAvail               text21       0016C0
__end_of_Speaker_Init              text29       001698
__end_of_TI_GetTics                text27       001446
__end_of_TI_Init                   text28       00158C
__end_of_TI_NewTimer               text36       0013FA
__end_of_TI_ResetTics              text26       0015FA
__end_of__initialization           cinit        0014C8
__end_of_getButton                 text20       0016EA
__end_of_getHall                   text19       0016E0
__end_of_getKey                    text6        0012CA
__end_of_getPassword               text18       001722
__end_of_keyPressed                text5        001518
__end_of_main                      text0        001558
__end_of_motorButton               text25       00121A
__end_of_motorController           text9        000B46
__end_of_motorHall                 text8        001490
__end_of_motorLEDs                 text7        00108A
__end_of_motorMatrix               text3        000E6A
__end_of_motorSpeaker              text1        000F88
__end_of_nextChar                  text4        0013A4
__end_of_passwordSet               text17       0016D6
__end_of_processSpeakerSound       text2        001154
__end_of_setAlarm                  text16       0015B2
__end_of_setIntensity              text15       00171E
__end_of_setMatrix                 text14       001716
__end_of_setOK                     text13       0015D6
__end_of_setSpeaker                text12       00170E
__end_of_setStop                   text11       001706
__end_of_speaker_sound             text10       001346
__end_of_teclas                    mediumconst  001E77
__initialization                   cinit        001490
__mediumconst                      mediumconst  001E5E
__pbssBANK0                        bssBANK0     000080
__pbssCOMRAM                       bssCOMRAM    000001
__pcinit                           cinit        001490
__pcstackCOMRAM                    cstackCOMRAM 000042
__pdataCOMRAM                      dataCOMRAM   000057
__pidataCOMRAM                     idataCOMRAM  001698
__pintcode                         intcode      000008
__pmediumconst                     mediumconst  001E5E
__ptext0                           text0        001518
__ptext1                           text1        000E6A
__ptext10                          text10       0012CA
__ptext11                          text11       0016FE
__ptext12                          text12       001706
__ptext13                          text13       0015B2
__ptext14                          text14       00170E
__ptext15                          text15       001716
__ptext16                          text16       00158C
__ptext17                          text17       0016CC
__ptext18                          text18       00171E
__ptext19                          text19       0016D6
__ptext2                           text2        00108A
__ptext20                          text20       0016E0
__ptext21                          text21       0016AC
__ptext22                          text22       0016EA
__ptext23                          text23       001722
__ptext24                          text24       00161C
__ptext25                          text25       001154
__ptext26                          text26       0015D6
__ptext27                          text27       0013FA
__ptext28                          text28       001558
__ptext29                          text29       001682
__ptext3                           text3        000B46
__ptext30                          text30       001638
__ptext31                          text31       0015FA
__ptext32                          text32       001652
__ptext33                          text33       001726
__ptext34                          text34       0016F4
__ptext35                          text35       0016C0
__ptext36                          text36       0013A4
__ptext38                          text38       00166A
__ptext4                           text4        001346
__ptext5                           text5        0014D6
__ptext6                           text6        00121A
__ptext7                           text7        000F88
__ptext8                           text8        001446
__ptext9                           text9        000024
__ramtop                           ramtop       000200
__smallconst                       mediumconst  001E5E
_columns                           bssCOMRAM    00002D
_count                             bssCOMRAM    000039
_count@TAD_Controller$F1158        bssCOMRAM    00001D
_count@TAD_Matrix$F1043            bssCOMRAM    000024
_editing                           bssCOMRAM    000026
_flag                              bssCOMRAM    000032
_flag@TAD_Matrix$F1044             bssCOMRAM    000023
_getButton                         text20       0016E0
_getHall                           text19       0016D6
_getKey                            text6        00121A
_getPassword                       text18       00171E
_hallEvent                         bssCOMRAM    000034
_i                                 bssCOMRAM    00001F
_idx                               bssCOMRAM    000027
_isPressed                         bssCOMRAM    000021
_key                               bssCOMRAM    000028
_keyPressed                        text5        0014D6
_keyPressed$1049                   cstackCOMRAM 000042
_lastColumn                        bssCOMRAM    000029
_lastRow                           bssCOMRAM    00002A
_lista                             bssCOMRAM    000017
_main                              text0        001518
_motorButton                       text25       001154
_motorController                   text9        000024
_motorHall                         text8        001446
_motorLEDs                         text7        000F88
_motorMatrix                       text3        000B46
_motorSpeaker                      text1        000E6A
_newColumn                         bssCOMRAM    00002B
_newRow                            bssCOMRAM    00002C
_nextChar                          text4        001346
_password                          dataCOMRAM   000063
_password@TAD_Controller$F1162     bssCOMRAM    00001B
_passwordSet                       text17       0016CC
_processSpeakerSound               text2        00108A
_psswrd                            dataCOMRAM   000057
_rows                              bssCOMRAM    00002E
_setAlarm                          text16       00158C
_setIntensity                      text15       001716
_setMatrix                         text14       00170E
_setOK                             text13       0015B2
_setSpeaker                        text12       001706
_setStop                           text11       0016FE
_soundActive                       bssCOMRAM    000036
_soundDuration                     bssCOMRAM    00000D
_soundPeriod                       bssCOMRAM    000009
_soundTimerHandle                  bssCOMRAM    000040
_speaker_sound                     text10       0012CA
_speaker_sound$325                 cstackCOMRAM 00004A
_start                             bssCOMRAM    000038
_start@TAD_Matrix$F1041            bssCOMRAM    000025
_stop                              bssCOMRAM    000037
_teclas                            mediumconst  001E5F
_timer1s                           bssCOMRAM    00003C
_timerHandle                       bssCOMRAM    000041
_timerHandle@TAD_Button$F1131      bssCOMRAM    00003B
_timerHandle@TAD_Controller$F1166  bssCOMRAM    00003A
_timerHandle@TAD_Matrix$F1021      bssCOMRAM    00003D
_timerPWM                          bssCOMRAM    00003F
_timerRamp                         bssCOMRAM    00003E
_tries                             bssCOMRAM    00001E
_uid_ptr                           bssCOMRAM    000015
_yesBuf                            bssCOMRAM    000001
_yesIdx                            bssCOMRAM    00001A
_yes_aux                           dataCOMRAM   00005F
btemp                              temp         00006B
end_of_initialization              cinit        0014C8
getButton@aux                      cstackCOMRAM 000042
getHall@aux                        cstackCOMRAM 000042
int$flags                          temp         00006B
intlevel0                          text         000000
intlevel1                          text         000000
intlevel2                          text         000000
intlevel3                          text         000000
isa$std                            (abs)        000001
isa$xinst                          (abs)        000000
motorButton@state                  bssCOMRAM    000020
motorController@c                  cstackCOMRAM 000051
motorController@c_1196             cstackCOMRAM 000052
motorController@state              bssCOMRAM    000019
motorHall@state                    bssCOMRAM    000033
motorLEDs@duty                     bssCOMRAM    00002F
motorLEDs@pwmStep                  bssCOMRAM    000030
motorLEDs@state                    bssCOMRAM    000031
motorMatrix@state                  bssCOMRAM    000022
motorSpeaker@state                 bssCOMRAM    000035
passwordSet@aux                    cstackCOMRAM 000042
processSpeakerSound@lastToggleTics bssCOMRAM    000005
processSpeakerSound@t              cstackCOMRAM 000053
setAlarm@aux                       cstackCOMRAM 000043
setIntensity@aux                   cstackCOMRAM 000042
setMatrix@st                       cstackCOMRAM 000042
setOK@aux                          cstackCOMRAM 000043
setSpeaker@st                      cstackCOMRAM 000042
setStop@st                         cstackCOMRAM 000042
speaker_sound@duracion_ms          cstackCOMRAM 000043
speaker_sound@tipo                 cstackCOMRAM 000049
stackhi                            (abs)        000000
stacklo                            (abs)        000000
start                              init         000020
start_initialization               cinit        001490
ttemp5                             temp         00006C
ttemp6                             temp         00006F
ttemp7                             temp         000073
wtemp8                             temp         00006C


MODULE INFORMATION

Module		Function		Class		Link	Load	Size
TAD_Button.c
		_Button_Init   		CODE           	16C0	0000	12
		_getButton     		CODE           	16E0	0000	10
		_motorButton   		CODE           	1154	0000	198

TAD_Button.c estimated size: 220

TAD_Timer.c
		_TI_ResetTics  		CODE           	15D6	0000	36
		_TI_NewTimer   		CODE           	13A4	0000	86
		_RSI_Timer0    		CODE           	166A	0000	24
		_TI_Init       		CODE           	1558	0000	52
		_TI_GetTics    		CODE           	13FA	0000	76

TAD_Timer.c estimated size: 274

TAD_LEDS.c
		_LED_Init      		CODE           	1652	0000	24
		_setIntensity  		CODE           	1716	0000	8
		_setOK         		CODE           	15B2	0000	36
		_motorLEDs     		CODE           	0F88	0000	258
		_setAlarm      		CODE           	158C	0000	38

TAD_LEDS.c estimated size: 364

TAD_Matrix.c
		_motorMatrix   		CODE           	0B46	0000	804
		_setMatrix     		CODE           	170E	0000	8
		_passwordSet   		CODE           	16CC	0000	10
		_Matrix_Init   		CODE           	15FA	0000	34
		_nextChar      		CODE           	1346	0000	94
		_getPassword   		CODE           	171E	0000	4
		_getKey        		CODE           	121A	0000	176
		_keyPressed    		CODE           	14D6	0000	66

TAD_Matrix.c estimated size: 1196

TAD_SIO.c
		_SIO_CharAvail 		CODE           	161C	0000	28
		_SIO_TxAvail   		CODE           	16AC	0000	20
		_SIO_Init      		CODE           	1638	0000	26
		_SIO_SendChar  		CODE           	16EA	0000	10
		_SIO_GetChar   		CODE           	1722	0000	4

TAD_SIO.c estimated size: 88

shared
		_teclas        		MEDIUMCONST    	1E5F	0000	24
		__initialization		CODE           	1490	0000	56

shared estimated size: 80

TAD_Hall.c
		_motorHall     		CODE           	1446	0000	74
		_getHall       		CODE           	16D6	0000	10
		_Hall_Init     		CODE           	1726	0000	4

TAD_Hall.c estimated size: 88

TAD_Controller.c
		_Controller_Init		CODE           	16F4	0000	10
		_motorController		CODE           	0024	0000	2850

TAD_Controller.c estimated size: 2860

TAD_Speaker.c
		_processSpeakerSound		CODE           	108A	0000	202
		_speaker_sound 		CODE           	12CA	0000	124
		_setSpeaker    		CODE           	1706	0000	8
		_motorSpeaker  		CODE           	0E6A	0000	286
		_Speaker_Init  		CODE           	1682	0000	22
		_setStop       		CODE           	16FE	0000	8

TAD_Speaker.c estimated size: 650

main.c
		_main          		CODE           	1518	0000	64
		_RSI_HIGH      		CODE           	0008	0000	24

main.c estimated size: 88

